// Jest Snapshot v1, https://goo.gl/fbAQLP

exports[`Pruebas en GifItem.jsx debe hacer match en el snapshot 1`] = `
<div>
  <div
    class="card"
  >
    <img
      alt="Darth Vader"
      src="https://starwars.com/milenare.gif"
    />
    <p>
      Darth Vader
    </p>
  </div>
</div>
`;
